// Jest Snapshot v1, https://goo.gl/fbAQLP

exports[`Slider it matches snapshot 1`] = `
Array [
  <h1>
    More from Axios.com
  </h1>,
  <div
    className=" news-slider"
  >
    <div
      className="slides"
    >
      <div
        id="slide-1"
      >
        <a
          href="{item.permaLink}"
          rel="noopener noreferrer"
          target="_blank"
        >
          <img
            alt="{item.altText}"
            src="{item.primaryImage}"
          />
        </a>
        <div
          className="info-box"
        >
          <p>
            {item.headline}
          </p>
          <span>
            <time>
              Invalid Date
            </time>
             - 
            {item.topicName}
            
          </span>
        </div>
      </div>
    </div>
    <div
      className="pagination-container"
    >
      <a
        className="pagination"
        href="#slide-1"
      >
        1
      </a>
    </div>
  </div>,
  <button
    className="axios-button"
    onClick={[Function]}
  >
    Visit Axios.com
  </button>,
]
`;
